core_cm4.h:1939:34:__NVIC_SystemReset	4	static,ignoring_inline_asm
freertos.c:135:6:vApplicationDaemonTaskStartupHook	8	static
freertos.c:175:6:MX_FREERTOS_Init	8	static
freertos.c:239:6:StartMemory0	24	static
freertos.c:321:6:StartEjection1	96	static
freertos.c:475:6:StartTelemetry2	280	static
freertos.c:565:6:StartSensors3	16	static
freertos.c:618:6:StartWatchDog	304	static
freertos.c:722:6:StartPropulsion4	16	static
freertos.c:764:6:MRT_waitForLaunch	296	static
freertos.c:853:6:MRT_checkThreadStates	16	static
