core_cm4.h:1939:34:__NVIC_SystemReset	4	static,ignoring_inline_asm
freertos.c:134:6:vApplicationDaemonTaskStartupHook	8	static
freertos.c:174:6:MX_FREERTOS_Init	8	static
freertos.c:238:6:StartMemory0	24	static
freertos.c:301:6:StartEjection1	104	static
freertos.c:454:6:StartTelemetry2	280	static
freertos.c:541:6:StartSensors3	16	static
freertos.c:594:6:StartWatchDog	304	static
freertos.c:698:6:StartPropulsion4	16	static
freertos.c:740:6:MRT_waitForLaunch	296	static
freertos.c:818:6:MRT_checkThreadStates	16	static
