rtc.c:45:6:MX_RTC_Init	72	static
rtc.c:134:6:HAL_RTC_MspInit	64	static
rtc.c:166:6:HAL_RTC_MspDeInit	16	static
rtc.c:192:6:MRT_rtc_Init	8	static
rtc.c:221:6:MRT_clear_alarms_flags	8	static
rtc.c:263:6:MRT_StandByMode	56	static
rtc.c:309:6:MRT_set_rtc	40	static
rtc.c:346:6:MRT_set_alarmA	16	static
rtc.c:368:6:MRT_set_alarmB	16	static
rtc.c:436:6:MRT_RTC_backup_regs_Init	336	static
rtc.c:457:6:MRT_RTC_clearBackupRegs	16	static
rtc.c:466:10:MRT_RTC_getBackupReg	24	static
rtc.c:474:6:MRT_RTC_setBackupReg	16	static
