rtc.c:45:6:MX_RTC_Init	72	static
rtc.c:135:6:HAL_RTC_MspInit	64	static
rtc.c:167:6:HAL_RTC_MspDeInit	16	static
rtc.c:193:6:MRT_rtc_Init	8	static
rtc.c:219:6:MRT_clear_alarms_flags	8	static
rtc.c:259:6:MRT_StandByMode	56	static
rtc.c:296:6:MRT_set_rtc	40	static
rtc.c:323:6:MRT_set_alarmA	16	static
rtc.c:345:6:MRT_set_alarmB	16	static
rtc.c:413:6:MRT_RTC_backup_regs_Init	336	static
rtc.c:434:6:MRT_RTC_clearBackupRegs	16	static
rtc.c:443:10:MRT_RTC_getBackupReg	24	static
rtc.c:451:6:MRT_RTC_setBackupReg	16	static
