stm32f4xx_it.c:73:6:NMI_Handler	4	static
stm32f4xx_it.c:88:6:HardFault_Handler	4	static
stm32f4xx_it.c:103:6:MemManage_Handler	4	static
stm32f4xx_it.c:118:6:BusFault_Handler	4	static
stm32f4xx_it.c:133:6:UsageFault_Handler	4	static
stm32f4xx_it.c:148:6:DebugMon_Handler	4	static
stm32f4xx_it.c:168:6:EXTI0_IRQHandler	8	static
stm32f4xx_it.c:182:6:RTC_Alarm_IRQHandler	8	static
stm32f4xx_it.c:196:6:TIM6_DAC_IRQHandler	8	static
stm32f4xx_it.c:210:6:OTG_FS_IRQHandler	8	static
stm32f4xx_it.c:223:6:HAL_GPIO_EXTI_Callback	16	static
