core_cm4.h:1939:34:__NVIC_SystemReset	4	static,ignoring_inline_asm
stm32f4xx_it.c:82:6:NMI_Handler	4	static
stm32f4xx_it.c:97:6:HardFault_Handler	4	static
stm32f4xx_it.c:112:6:MemManage_Handler	4	static
stm32f4xx_it.c:127:6:BusFault_Handler	4	static
stm32f4xx_it.c:142:6:UsageFault_Handler	4	static
stm32f4xx_it.c:157:6:DebugMon_Handler	4	static
stm32f4xx_it.c:177:6:EXTI0_IRQHandler	8	static
stm32f4xx_it.c:191:6:RTC_Alarm_IRQHandler	8	static
stm32f4xx_it.c:205:6:TIM6_DAC_IRQHandler	8	static
stm32f4xx_it.c:218:6:HAL_GPIO_EXTI_Callback	16	static
stm32f4xx_it.c:227:6:MRT_resetFromStart	8	static
