IridiumSBD.h:175:4:IridiumSBD::IridiumSBD(TwoWire&, uint8_t)	24	static
IridiumSBD_Static_API.cpp:10:6:void MRT_Static_Iridium_Constructor()	16	static
IridiumSBD_Static_API.cpp:17:6:void MRT_Static_Iridium_Destructor()	8	static
IridiumSBD_Static_API.cpp:25:9:uint8_t MRT_Static_Iridium_Setup(UART_HandleTypeDef)	80	static
IridiumSBD_Static_API.cpp:30:6:bool MRT_Static_Iridium_Shutdown()	16	static
IridiumSBD_Static_API.cpp:36:6:void MRT_Static_Iridium_ErrorMessage(uint8_t)	16	static
IridiumSBD_Static_API.cpp:40:6:bool MRT_Static_Iridium_getIMEI()	8	static
IridiumSBD_Static_API.cpp:45:5:int MRT_Static_Iridium_checkCSQ(bool)	16	static
IridiumSBD_Static_API.cpp:50:6:bool MRT_Static_Iridium_getTime()	8	static
