IridiumSBD.h:179:4:IridiumSBD::IridiumSBD(TwoWire&, uint8_t)	24	static
IridiumSBD_Static_API.cpp:11:6:void MRT_Static_Iridium_Constructor()	16	static
IridiumSBD_Static_API.cpp:17:6:void MRT_Static_Iridium_Destructor()	4	static
IridiumSBD_Static_API.cpp:24:9:uint8_t MRT_Static_Iridium_Setup(UART_HandleTypeDef)	80	static
IridiumSBD_Static_API.cpp:29:6:bool MRT_Static_Iridium_Shutdown()	16	static
IridiumSBD_Static_API.cpp:35:6:void MRT_Static_Iridium_ErrorMessage(uint8_t)	16	static
IridiumSBD_Static_API.cpp:39:6:bool MRT_Static_Iridium_getIMEI()	8	static
IridiumSBD_Static_API.cpp:44:5:int MRT_Static_Iridium_CSQ()	8	static
IridiumSBD_Static_API.cpp:48:6:bool MRT_Static_Iridium_NetworkAvailability()	8	static
IridiumSBD_Static_API.cpp:53:6:bool MRT_Static_Iridium_getTime()	8	static
IridiumSBD_Static_API.cpp:57:6:bool MRT_Static_Iridium_sendMessage(char*)	16	static
IridiumSBD_Static_API.cpp:61:6:bool MRT_Static_Iridium_sendReceive()	8	static
