main.c:107:6:myprintf	16	static
main.c:121:5:main	8	static
main.c:210:6:SystemClock_Config	160	static
main.c:254:13:MX_RTC_Init	72	static
main.c:343:13:MX_TIM16_Init	8	static
main.c:373:13:MX_USART2_UART_Init	8	static
main.c:406:13:MX_GPIO_Init	16	static
main.c:415:6:HAL_RTC_AlarmAEventCallback	16	static
main.c:440:6:HAL_RTCEx_AlarmBEventCallback	16	static
main.c:498:6:pollAlarmInterruptFlag	8	static
main.c:513:6:StartFakeSensors	112	static
main.c:545:6:StartFakeTelemetry	24	static
main.c:569:6:StartFakeEjection	24	static
main.c:594:6:HAL_TIM_PeriodElapsedCallback	24	static
main.c:619:6:Error_Handler	4	static,ignoring_inline_asm
