MRT_RTOS.c:24:6:HAL_RTC_AlarmAEventCallback	16	static
MRT_RTOS.c:29:6:HAL_RTC_AlarmBEventCallback	16	static
MRT_RTOS.c:34:6:HAL_RTCEx_WakeUpTimerEventCallback	16	static
MRT_RTOS.c:40:6:MRT_SetupRTOS	8	static
MRT_RTOS.c:49:6:MRT_WUProcedure	16	static
MRT_RTOS.c:74:6:MRT_ClearFlags	8	static
MRT_RTOS.c:112:6:MRT_StandByMode	152	static
MRT_RTOS.c:149:6:MRT_DefaultRTC	8	static
MRT_RTOS.c:197:6:MRT_setAlarmA	16	static
MRT_RTOS.c:218:6:MRT_setRTC	16	static
MRT_RTOS.c:243:6:MRT_CustomRTC	16	static
MRT_RTOS.c:248:6:MRT_SetSleepTime	16	static
