main.c:175:5:main	1040	static
main.c:804:6:SystemClock_Config	88	static
main.c:848:13:MX_ADC1_Init	24	static
main.c:898:13:MX_I2C2_Init	8	static
main.c:944:13:MX_I2C3_Init	8	static
main.c:990:13:MX_SPI2_Init	8	static
main.c:1028:13:MX_SPI4_Init	8	static
main.c:1066:13:MX_SPI5_Init	8	static
main.c:1104:13:MX_TIM2_Init	64	static
main.c:1163:13:MX_UART8_Init	8	static
main.c:1196:13:MX_USART3_UART_Init	8	static
main.c:1229:13:MX_USART6_UART_Init	8	static
main.c:1262:13:MX_GPIO_Init	64	static
main.c:1386:6:HAL_GPIO_EXTI_Callback	16	static
main.c:1394:6:HAL_TIM_PeriodElapsedCallback	16	static
main.c:1415:6:save_flash_to_sd	48	dynamic
main.c:1494:6:tone	24	static
main.c:1505:6:user_delay_ms	16	static
main.c:1514:8:user_i2c_read	48	static
main.c:1542:8:user_i2c_write	48	static
main.c:1574:6:Error_Handler	8	static
