main.c:175:5:main	40	static
main.c:818:6:SystemClock_Config	88	static
main.c:862:13:MX_ADC1_Init	24	static
main.c:912:13:MX_I2C2_Init	8	static
main.c:958:13:MX_I2C3_Init	8	static
main.c:1004:13:MX_SPI2_Init	8	static
main.c:1042:13:MX_SPI4_Init	8	static
main.c:1080:13:MX_SPI5_Init	8	static
main.c:1118:13:MX_TIM2_Init	64	static
main.c:1177:13:MX_UART8_Init	8	static
main.c:1210:13:MX_USART3_UART_Init	8	static
main.c:1243:13:MX_USART6_UART_Init	8	static
main.c:1276:13:MX_GPIO_Init	64	static
main.c:1400:6:HAL_GPIO_EXTI_Callback	16	static
main.c:1408:6:HAL_TIM_PeriodElapsedCallback	16	static
main.c:1429:6:save_flash_to_sd	48	dynamic
main.c:1508:6:tone	24	static
main.c:1519:6:user_delay_ms	16	static
main.c:1528:8:user_i2c_read	48	static
main.c:1556:8:user_i2c_write	48	static
main.c:1588:6:Error_Handler	8	static
