sx126x.c:275:21:sx126x_hal_write	32	static
sx126x.c:300:21:sx126x_hal_read	40	static
sx126x.c:320:21:sx126x_hal_reset	24	static
sx126x.c:337:21:sx126x_hal_wakeup	24	static
sx126x.c:346:19:writeCommand	24	static
sx126x.c:356:19:readCommand	40	static
sx126x.c:366:6:set_NSS_pin	16	static
sx126x.c:371:6:set_BUSY_pin	16	static
sx126x.c:376:6:set_NRESET_pin	16	static
sx126x.c:381:6:set_DIO1_pin	16	static
sx126x.c:386:6:set_DIO2_pin	16	static
sx126x.c:391:6:set_DIO3_pin	16	static
sx126x.c:396:6:set_hspi	8	static
sx126x.c:400:6:Tx_setup	40	static
sx126x.c:506:6:TxProtocol	160	dynamic
sx126x.c:573:6:Rx_setup	40	static
sx126x.c:679:6:RxProtocol	184	dynamic
sx126x.c:752:17:sx126x_set_sleep	32	static
sx126x.c:763:17:sx126x_set_standby	32	static
sx126x.c:774:17:sx126x_set_fs	32	static
sx126x.c:783:17:sx126x_set_tx	24	static
sx126x.c:795:17:sx126x_set_tx_with_timeout_in_rtc_step	32	static
sx126x.c:808:17:sx126x_set_rx	24	static
sx126x.c:820:17:sx126x_set_rx_with_timeout_in_rtc_step	32	static
sx126x.c:833:17:sx126x_stop_timer_on_preamble	32	static
sx126x.c:844:17:sx126x_set_rx_duty_cycle	32	static
sx126x.c:853:17:sx126x_set_rx_duty_cycle_with_timings_in_rtc_step	40	static
sx126x.c:872:17:sx126x_set_cad	32	static
sx126x.c:881:17:sx126x_set_tx_cw	32	static
sx126x.c:890:17:sx126x_set_tx_infinite_preamble	32	static
sx126x.c:899:17:sx126x_set_reg_mode	32	static
sx126x.c:910:17:sx126x_cal	32	static
sx126x.c:921:17:sx126x_cal_img	32	static
sx126x.c:956:17:sx126x_set_pa_cfg	32	static
sx126x.c:969:17:sx126x_set_rx_tx_fallback_mode	32	static
sx126x.c:984:17:sx126x_write_register	40	static
sx126x.c:997:17:sx126x_read_register	40	static
sx126x.c:1012:17:sx126x_write_buffer	40	static
sx126x.c:1024:17:sx126x_read_buffer	40	static
sx126x.c:1041:17:sx126x_set_dio_irq_params	48	static
sx126x.c:1063:17:sx126x_get_irq_status	32	static
sx126x.c:1082:17:sx126x_clear_irq_status	32	static
sx126x.c:1094:17:sx126x_get_and_clear_irq_status	24	static
sx126x.c:1111:17:sx126x_set_dio2_as_rf_sw_ctrl	32	static
sx126x.c:1122:17:sx126x_set_dio3_as_tcxo_ctrl	40	static
sx126x.c:1142:17:sx126x_set_rf_freq	24	static
sx126x.c:1149:17:sx126x_set_rf_freq_in_pll_steps	32	static
sx126x.c:1163:17:sx126x_set_pkt_type	32	static
sx126x.c:1174:17:sx126x_get_pkt_type	32	static
sx126x.c:1188:17:sx126x_set_tx_params	32	static
sx126x.c:1200:17:sx126x_set_gfsk_mod_params	48	static
sx126x.c:1232:17:sx126x_set_lora_mod_params	32	static
sx126x.c:1258:17:sx126x_set_gfsk_pkt_params	40	static
sx126x.c:1277:17:sx126x_set_lora_pkt_params	40	static
sx126x.c:1318:17:sx126x_set_cad_params	32	static
sx126x.c:1335:17:sx126x_set_buffer_base_address	32	static
sx126x.c:1348:17:sx126x_set_lora_symb_nb_timeout	40	static
sx126x.c:1382:17:sx126x_get_status	32	static
sx126x.c:1403:17:sx126x_get_rx_buffer_status	32	static
sx126x.c:1423:17:sx126x_get_gfsk_pkt_status	32	static
sx126x.c:1455:17:sx126x_get_lora_pkt_status	32	static
sx126x.c:1476:17:sx126x_get_rssi_inst	32	static
sx126x.c:1494:17:sx126x_get_gfsk_stats	40	static
sx126x.c:1515:17:sx126x_get_lora_stats	40	static
sx126x.c:1535:17:sx126x_reset_stats	32	static
sx126x.c:1548:17:sx126x_reset	16	static
sx126x.c:1553:17:sx126x_wakeup	16	static
sx126x.c:1558:17:sx126x_get_device_errors	32	static
sx126x.c:1577:17:sx126x_clear_device_errors	32	static
sx126x.c:1586:17:sx126x_get_gfsk_bw_param	24	static
sx126x.c:1607:10:sx126x_get_lora_bw_in_hz	24	static
sx126x.c:1648:10:sx126x_get_lora_time_on_air_numerator	48	static
sx126x.c:1695:10:sx126x_get_lora_time_on_air_in_ms	24	static
sx126x.c:1704:10:sx126x_get_gfsk_time_on_air_numerator	24	static
sx126x.c:1713:10:sx126x_get_gfsk_time_on_air_in_ms	24	static
sx126x.c:1723:17:sx126x_get_random_numbers	32	static
sx126x.c:1790:10:sx126x_convert_freq_in_hz_to_pll_step	24	static
sx126x.c:1805:10:sx126x_convert_timeout_in_ms_to_rtc_step	16	static
sx126x.c:1814:17:sx126x_cfg_rx_boosted	24	static
sx126x.c:1826:17:sx126x_set_gfsk_sync_word	40	static
sx126x.c:1840:17:sx126x_set_lora_sync_word	24	static
sx126x.c:1858:17:sx126x_set_gfsk_crc_seed	24	static
sx126x.c:1865:17:sx126x_set_gfsk_crc_polynomial	24	static
sx126x.c:1872:17:sx126x_set_gfsk_whitening_seed	24	static
sx126x.c:1894:17:sx126x_cfg_tx_clamp	24	static
sx126x.c:1910:17:sx126x_stop_rtc	24	static
sx126x.c:1932:17:sx126x_set_ocp_value	16	static
sx126x.c:1937:17:sx126x_set_trimming_capacitor_values	24	static
sx126x.c:1950:24:sx126x_tx_modulation_workaround	24	static
sx126x.c:1981:24:sx126x_get_gfsk_crc_len_in_bytes	16	static
