main.c:98:5:main	88	static
main.c:161:6:SystemClock_Config	88	static
main.c:207:13:MX_ADC1_Init	24	static
main.c:257:13:MX_I2C1_Init	8	static
main.c:303:13:MX_I2C2_Init	8	static
main.c:349:13:MX_I2C3_Init	8	static
main.c:395:13:MX_SPI2_Init	8	static
main.c:433:13:MX_SPI4_Init	8	static
main.c:471:13:MX_SPI5_Init	8	static
main.c:509:13:MX_TIM2_Init	48	static
main.c:558:13:MX_UART8_Init	8	static
main.c:591:13:MX_USART3_UART_Init	8	static
main.c:624:13:MX_USART6_UART_Init	8	static
main.c:657:13:MX_USB_OTG_FS_PCD_Init	8	static
main.c:692:13:MX_GPIO_Init	64	static
main.c:839:6:transmitBuffer	24	static
main.c:847:6:transmitStatus	16	static
main.c:861:6:transmitIRQ	16	static
main.c:874:6:Error_Handler	4	static
