main.c:161:5:main	8	static
main.c:297:6:SystemClock_Config	88	static
main.c:337:13:MX_ADC1_Init	24	static
main.c:387:13:MX_I2C1_Init	8	static
main.c:433:13:MX_I2C2_Init	8	static
main.c:479:13:MX_I2C3_Init	8	static
main.c:525:13:MX_IWDG_Init	8	static
main.c:553:13:MX_RTC_Init	72	static
main.c:633:13:MX_SPI2_Init	8	static
main.c:671:13:MX_SPI4_Init	8	static
main.c:709:13:MX_SPI5_Init	8	static
main.c:747:13:MX_TIM2_Init	48	static
main.c:796:13:MX_UART8_Init	8	static
main.c:829:13:MX_USART3_UART_Init	8	static
main.c:862:13:MX_USART6_UART_Init	8	static
main.c:895:13:MX_GPIO_Init	64	static
main.c:1056:6:StartMemory0	16	static
main.c:1074:6:StartEjection1	16	static
main.c:1092:6:StartTelemetry2	16	static
main.c:1110:6:StartSensors3	16	static
main.c:1128:6:StartPropulsion4	16	static
main.c:1146:6:StartPrinting	16	static
main.c:1165:6:HAL_TIM_PeriodElapsedCallback	16	static
main.c:1182:6:Error_Handler	4	static,ignoring_inline_asm
