MRT_i2c_sensors_private.cpp:19:1:LSM6DSR::LSM6DSR(I2C_HandleTypeDef*, uint8_t)	40	static
MRT_i2c_sensors_private.cpp:84:8:float* LSM6DSR::getAcceleration()	16	static
MRT_i2c_sensors_private.cpp:99:7:float LSM6DSR::getTemperature()	16	static
MRT_i2c_sensors_private.cpp:112:8:float* LSM6DSR::getAngularRate()	16	static
MRT_i2c_sensors_private.cpp:134:9:static int32_t LSM6DSR::write(void*, uint8_t, const uint8_t*, uint16_t)	40	static
MRT_i2c_sensors_private.cpp:139:9:static int32_t LSM6DSR::read(void*, uint8_t, uint8_t*, uint16_t)	40	static
MRT_i2c_sensors_private.cpp:150:1:LPS22HH::LPS22HH(I2C_HandleTypeDef*, uint8_t)	40	static
MRT_i2c_sensors_private.cpp:206:7:float LPS22HH::getPressure()	16	static
MRT_i2c_sensors_private.cpp:219:7:float LPS22HH::getTemperature()	16	static
MRT_i2c_sensors_private.cpp:233:9:static int32_t LPS22HH::write(void*, uint8_t, const uint8_t*, uint16_t)	40	static
MRT_i2c_sensors_private.cpp:238:9:static int32_t LPS22HH::read(void*, uint8_t, uint8_t*, uint16_t)	40	static
