MRT_i2c_sensors.cpp:42:6:void MRT_LSM6DSR_Constructor()	16	static
MRT_i2c_sensors.cpp:48:6:void MRT_LSM6DSR_Destructor()	4	static
MRT_i2c_sensors.cpp:54:6:void MRT_LSM6DSR_getAcceleration()	8	static
MRT_i2c_sensors.cpp:60:6:void MRT_LSM6DSR_getAngularRate()	8	static
MRT_i2c_sensors.cpp:66:6:void MRT_LSM6DSR_getTemperature()	8	static
MRT_i2c_sensors.cpp:71:6:void MRT_LSM6DSR_pollAll()	8	static
MRT_i2c_sensors.cpp:82:6:void MRT_LPS22HH_Constructor()	16	static
MRT_i2c_sensors.cpp:88:6:void MRT_LPS22HH_Destructor()	4	static
MRT_i2c_sensors.cpp:94:6:void MRT_LPS22HH_getPressure()	8	static
MRT_i2c_sensors.cpp:99:6:void MRT_LPS22HH_getTemperature()	8	static
MRT_i2c_sensors.cpp:104:6:void MRT_LPS22HH_pollAll()	8	static
MRT_i2c_sensors.cpp:116:10:HLSM6DSR MRT_LSM6DSR_Init()	16	static
MRT_i2c_sensors.cpp:126:17:HLPS22HH MRT_LPS22HH_Init()	16	static
MRT_i2c_sensors.cpp:135:6:void MRT_i2c_sensors_Init()	64	static
