MRT_i2c_sensors.cpp:47:6:void MRT_LSM6DSR_Constructor()	16	static
MRT_i2c_sensors.cpp:53:6:void MRT_LSM6DSR_Destructor()	4	static
MRT_i2c_sensors.cpp:59:6:void MRT_LSM6DSR_getAcceleration()	8	static
MRT_i2c_sensors.cpp:65:6:void MRT_LSM6DSR_getAngularRate()	8	static
MRT_i2c_sensors.cpp:71:6:void MRT_LSM6DSR_getTemperature()	8	static
MRT_i2c_sensors.cpp:76:6:void MRT_LSM6DSR_pollAll()	8	static
MRT_i2c_sensors.cpp:87:6:void MRT_LPS22HH_Constructor()	16	static
MRT_i2c_sensors.cpp:93:6:void MRT_LPS22HH_Destructor()	4	static
MRT_i2c_sensors.cpp:99:6:void MRT_LPS22HH_getPressure()	8	static
MRT_i2c_sensors.cpp:104:6:void MRT_LPS22HH_getTemperature()	8	static
MRT_i2c_sensors.cpp:109:6:void MRT_LPS22HH_pollAll()	8	static
MRT_i2c_sensors.cpp:119:6:void MRT_GPS_pollAll()	8	static
MRT_i2c_sensors.cpp:129:10:HLSM6DSR MRT_LSM6DSR_Init()	16	static
MRT_i2c_sensors.cpp:139:17:HLPS22HH MRT_LPS22HH_Init()	16	static
MRT_i2c_sensors.cpp:148:13:HGPS MRT_GPS_Init()	16	static
MRT_i2c_sensors.cpp:155:6:void MRT_i2c_sensors_Init()	64	static
MRT_i2c_sensors.cpp:178:6:void MRT_i2c_sensors_Deinit()	8	static
