MRT_i2c_sensors.cpp:45:6:void MRT_LSM6DSR_Constructor()	16	static
MRT_i2c_sensors.cpp:51:6:void MRT_LSM6DSR_Destructor()	4	static
MRT_i2c_sensors.cpp:57:6:void MRT_LSM6DSR_getAcceleration()	8	static
MRT_i2c_sensors.cpp:63:6:void MRT_LSM6DSR_getAngularRate()	8	static
MRT_i2c_sensors.cpp:69:6:void MRT_LSM6DSR_getTemperature()	8	static
MRT_i2c_sensors.cpp:74:6:void MRT_LSM6DSR_pollAll()	8	static
MRT_i2c_sensors.cpp:85:6:void MRT_LPS22HH_Constructor()	16	static
MRT_i2c_sensors.cpp:91:6:void MRT_LPS22HH_Destructor()	4	static
MRT_i2c_sensors.cpp:97:6:void MRT_LPS22HH_getPressure()	8	static
MRT_i2c_sensors.cpp:102:6:void MRT_LPS22HH_getTemperature()	8	static
MRT_i2c_sensors.cpp:107:6:void MRT_LPS22HH_pollAll()	8	static
MRT_i2c_sensors.cpp:117:6:void MRT_GPS_pollAll()	8	static
MRT_i2c_sensors.cpp:127:10:HLSM6DSR MRT_LSM6DSR_Init()	16	static
MRT_i2c_sensors.cpp:137:17:HLPS22HH MRT_LPS22HH_Init()	16	static
MRT_i2c_sensors.cpp:146:13:HGPS MRT_GPS_Init()	16	static
MRT_i2c_sensors.cpp:153:6:void MRT_i2c_sensors_Init()	64	static
MRT_i2c_sensors.cpp:176:6:void MRT_i2c_sensors_Denit()	8	static
