MRT_i2c_sensors.cpp:47:6:void MRT_LSM6DSR_Constructor()	16	static
MRT_i2c_sensors.cpp:53:6:void MRT_LSM6DSR_Destructor()	4	static
MRT_i2c_sensors.cpp:59:6:void MRT_LSM6DSR_getAcceleration()	16	static
MRT_i2c_sensors.cpp:65:6:void MRT_LSM6DSR_getAngularRate()	16	static
MRT_i2c_sensors.cpp:71:6:void MRT_LSM6DSR_getTemperature()	8	static
MRT_i2c_sensors.cpp:76:6:void MRT_LSM6DSR_pollAll()	8	static
MRT_i2c_sensors.cpp:87:6:void MRT_LPS22HH_Constructor()	16	static
MRT_i2c_sensors.cpp:93:6:void MRT_LPS22HH_Destructor()	4	static
MRT_i2c_sensors.cpp:99:6:void MRT_LPS22HH_getPressure()	8	static
MRT_i2c_sensors.cpp:103:6:void MRT_LPS22HH_getTemperature()	8	static
MRT_i2c_sensors.cpp:107:6:void MRT_LPS22HH_pollAll()	8	static
MRT_i2c_sensors.cpp:117:6:void MRT_GPS_pollAll()	8	static
MRT_i2c_sensors.cpp:127:10:HLSM6DSR MRT_LSM6DSR_Init()	16	static
MRT_i2c_sensors.cpp:145:17:HLPS22HH MRT_LPS22HH_Init()	16	static
MRT_i2c_sensors.cpp:157:13:HGPS MRT_GPS_Init()	16	static
MRT_i2c_sensors.cpp:167:6:void MRT_i2c_sensors_Init()	64	static
MRT_i2c_sensors.cpp:190:6:void MRT_i2c_sensors_Deinit()	8	static
