main.c:194:6:debug_tx_uart	16	static
main.c:202:6:radio_tx	16	static
main.c:221:6:tone	24	static
main.c:234:6:tone_freq	32	static
main.c:251:6:buzz_success	8	static
main.c:252:6:buzz_failure	8	static
main.c:253:6:buzz_startup_success	16	static
main.c:266:5:main	56	static
main.c:568:6:SystemClock_Config	136	static,ignoring_inline_asm
main.c:626:6:HAL_GPIO_EXTI_Callback	16	static
main.c:641:6:HAL_UART_RxCpltCallback	24	static
main.c:668:6:HAL_UART_TxCpltCallback	16	static
main.c:684:6:HAL_RTC_AlarmAEventCallback	16	static
main.c:712:6:HAL_RTCEx_AlarmBEventCallback	16	static
main.c:732:6:HAL_RTCEx_WakeUpTimerEventCallback	16	static
main.c:744:6:HAL_TIM_PeriodElapsedCallback	16	static
main.c:773:7:getAltitude	16	static
main.c:779:5:flash_write	24	static
main.c:789:9:get_continuity	16	static
main.c:801:6:prop_poll_pressure_transducer	16	static
main.c:818:7:convert_prop_tank_pressure	24	static
main.c:830:6:check_flight_state	16	static
main.c:982:6:xtend_transmit_telemetry	16	static
main.c:1019:6:update_radio_timer_params	16	static
main.c:1067:6:telemetry_format_avionics	176	static
main.c:1078:6:telemetry_format_propulsion	56	static
main.c:1091:6:Error_Handler	8	static
