main.c:184:6:debug_tx_uart	16	static
main.c:192:6:radio_tx	16	static
main.c:211:6:tone	24	static
main.c:222:6:tone_freq	32	static
main.c:237:6:buzz_success	8	static
main.c:238:6:buzz_failure	8	static
main.c:246:5:main	144	static,ignoring_inline_asm
main.c:512:6:SystemClock_Config	136	static
main.c:567:6:HAL_GPIO_EXTI_Callback	16	static
main.c:580:6:HAL_UART_RxCpltCallback	24	static
main.c:600:6:HAL_UART_TxCpltCallback	16	static
main.c:616:6:HAL_TIM_PeriodElapsedCallback	16	static
main.c:643:7:getAltitude	16	static
main.c:649:5:flash_write	24	static
main.c:659:9:get_continuity	16	static
main.c:671:6:prop_poll_pressure_transducer	16	static
main.c:688:7:convert_prop_tank_pressure	24	static
main.c:700:6:check_flight_state	16	static
main.c:847:6:xtend_transmit_telemetry	16	static
main.c:884:6:update_radio_timer_params	16	static
main.c:932:6:telemetry_format_avionics	176	static
main.c:943:6:telemetry_format_propulsion	56	static
main.c:955:6:Error_Handler	8	static,ignoring_inline_asm
