core_cm4.h:1939:34:__NVIC_SystemReset	4	static,ignoring_inline_asm
main.c:241:5:main	136	static
main.c:544:6:SystemClock_Config	88	static
main.c:589:13:MX_ADC1_Init	24	static
main.c:639:13:MX_I2C1_Init	8	static
main.c:685:13:MX_I2C2_Init	8	static
main.c:731:13:MX_I2C3_Init	8	static
main.c:777:13:MX_IWDG_Init	8	static
main.c:805:13:MX_RTC_Init	72	static
main.c:885:13:MX_SPI2_Init	8	static
main.c:923:13:MX_SPI4_Init	8	static
main.c:961:13:MX_SPI5_Init	8	static
main.c:999:13:MX_TIM2_Init	48	static
main.c:1048:13:MX_UART8_Init	8	static
main.c:1081:13:MX_USART3_UART_Init	8	static
main.c:1114:13:MX_USART6_UART_Init	8	static
main.c:1147:13:MX_GPIO_Init	64	static
main.c:1304:13:XTend_Transmit	16	static
main.c:1317:6:StartMemory0	64	static
main.c:1370:6:StartEjection1	272	static
main.c:1450:6:StartTelemetry2	216	static
main.c:1539:6:StartSensors3	16	static
main.c:1596:6:StartPropulsion4	16	static
main.c:1632:6:StartPrinting	272	static
main.c:1707:6:StartWatchDog	304	static
main.c:1750:6:HAL_TIM_PeriodElapsedCallback	16	static
main.c:1767:6:Error_Handler	4	static
