core_cm4.h:1939:34:__NVIC_SystemReset	4	static,ignoring_inline_asm
main.c:241:5:main	120	static
main.c:542:6:SystemClock_Config	88	static
main.c:587:13:MX_ADC1_Init	24	static
main.c:637:13:MX_I2C1_Init	8	static
main.c:683:13:MX_I2C2_Init	8	static
main.c:729:13:MX_I2C3_Init	8	static
main.c:775:13:MX_IWDG_Init	8	static
main.c:803:13:MX_RTC_Init	72	static
main.c:883:13:MX_SPI2_Init	8	static
main.c:921:13:MX_SPI4_Init	8	static
main.c:959:13:MX_SPI5_Init	8	static
main.c:997:13:MX_TIM2_Init	48	static
main.c:1046:13:MX_UART8_Init	8	static
main.c:1079:13:MX_USART3_UART_Init	8	static
main.c:1112:13:MX_USART6_UART_Init	8	static
main.c:1145:13:MX_GPIO_Init	64	static
main.c:1302:13:XTend_Transmit	16	static
main.c:1315:6:StartMemory0	16	static
main.c:1356:6:StartEjection1	272	static
main.c:1436:6:StartTelemetry2	16	static
main.c:1525:6:StartSensors3	16	static
main.c:1582:6:StartPropulsion4	16	static
main.c:1618:6:StartPrinting	272	static
main.c:1693:6:StartWatchDog	304	static
main.c:1752:6:HAL_TIM_PeriodElapsedCallback	16	static
main.c:1769:6:Error_Handler	4	static
