main.c:95:5:main	304	static
main.c:166:6:SystemClock_Config	88	static
main.c:212:13:MX_ADC1_Init	24	static
main.c:262:13:MX_I2C1_Init	8	static
main.c:308:13:MX_I2C2_Init	8	static
main.c:354:13:MX_I2C3_Init	8	static
main.c:400:13:MX_SPI2_Init	8	static
main.c:438:13:MX_SPI4_Init	8	static
main.c:476:13:MX_SPI5_Init	8	static
main.c:514:13:MX_TIM2_Init	48	static
main.c:563:13:MX_UART8_Init	8	static
main.c:596:13:MX_USART3_UART_Init	8	static
main.c:629:13:MX_USART6_UART_Init	8	static
main.c:662:13:MX_USB_OTG_FS_PCD_Init	8	static
main.c:697:13:MX_GPIO_Init	64	static
main.c:855:6:HAL_TIM_PeriodElapsedCallback	16	static
main.c:872:6:Error_Handler	4	static,ignoring_inline_asm
