main.c:122:5:main	8	static
main.c:219:6:SystemClock_Config	88	static
main.c:265:13:MX_RTC_Init	72	static
main.c:365:13:MX_USART3_UART_Init	8	static
main.c:398:13:MX_USB_OTG_FS_PCD_Init	8	static
main.c:433:13:MX_GPIO_Init	56	static
main.c:481:6:HAL_RTC_AlarmAEventCallback	16	static
main.c:486:6:HAL_RTC_AlarmBEventCallback	16	static
main.c:491:6:HAL_RTCEx_WakeUpTimerEventCallback	16	static
main.c:525:6:osRtxIdleThread	16	static,ignoring_inline_asm
main.c:557:6:vApplicationIdleHook	4	static
main.c:578:6:startBlinkyTask	16	static
main.c:608:6:startPrintState	24	static
main.c:698:6:startAlarmPolling	32	static
main.c:735:6:HAL_TIM_PeriodElapsedCallback	16	static
main.c:752:6:Error_Handler	4	static,ignoring_inline_asm
