main.c:120:5:main	8	static
main.c:217:6:SystemClock_Config	88	static
main.c:263:13:MX_RTC_Init	72	static
main.c:351:13:MX_USART3_UART_Init	8	static
main.c:384:13:MX_USB_OTG_FS_PCD_Init	8	static
main.c:419:13:MX_GPIO_Init	56	static
main.c:467:6:HAL_RTC_AlarmAEventCallback	16	static
main.c:473:6:HAL_RTC_AlarmBEventCallback	16	static
main.c:478:6:HAL_RTCEx_WakeUpTimerEventCallback	16	static
main.c:490:6:startBlinkyTask	16	static
main.c:520:6:startPrintState	24	static
main.c:633:6:startAlarmPolling	32	static
main.c:672:6:HAL_TIM_PeriodElapsedCallback	16	static
main.c:689:6:Error_Handler	4	static,ignoring_inline_asm
