core_cm4.h:1939:34:__NVIC_SystemReset	4	static,ignoring_inline_asm
MRT_Helpers.c:54:6:MRT_externalFlashSetup	24	static
MRT_Helpers.c:92:6:checkForI2CDevices	88	static
MRT_Helpers.c:143:6:HAL_GPIO_EXTI_Callback	16	static
MRT_Helpers.c:153:6:MRT_resetFromStart	8	static
MRT_Helpers.c:173:6:MRT_updateExternalFlashBuffers	16	static
MRT_Helpers.c:183:6:MRT_getFlags	16	static
MRT_Helpers.c:260:6:MRT_resetInfo	152	static
MRT_Helpers.c:314:6:MRT_saveRTCTime	8	static
MRT_Helpers.c:329:9:MRT_getContinuity	16	static
MRT_Helpers.c:345:7:MRT_getAltitude	16	static
