core_cm4.h:1939:34:__NVIC_SystemReset	4	static,ignoring_inline_asm
MRT_Helpers.c:53:6:MRT_externalFlashSetup	24	static
MRT_Helpers.c:90:6:checkForI2CDevices	88	static
MRT_Helpers.c:141:6:HAL_GPIO_EXTI_Callback	16	static
MRT_Helpers.c:151:6:MRT_resetFromStart	8	static
MRT_Helpers.c:170:6:MRT_updateExternalFlashBuffers	16	static
MRT_Helpers.c:180:6:MRT_getFlags	16	static
MRT_Helpers.c:257:6:MRT_resetInfo	152	static
MRT_Helpers.c:314:6:MRT_saveRTCTime	8	static
MRT_Helpers.c:329:9:MRT_getContinuity	16	static
