main.c:192:6:radio_tx	16	static
main.c:211:6:tone	24	static
main.c:220:6:buzz_success	8	static
main.c:221:6:buzz_failure	8	static
main.c:224:6:debug_tx_uart	16	static
main.c:234:5:main	200	static
main.c:560:6:SystemClock_Config	136	static
main.c:618:13:MX_ADC1_Init	24	static
main.c:668:13:MX_I2C2_Init	8	static
main.c:714:13:MX_I2C3_Init	8	static
main.c:760:13:MX_RTC_Init	32	static
main.c:822:13:MX_SPI2_Init	8	static
main.c:860:13:MX_SPI4_Init	8	static
main.c:898:13:MX_SPI5_Init	8	static
main.c:936:13:MX_TIM2_Init	64	static
main.c:995:13:MX_TIM4_Init	32	static
main.c:1040:13:MX_UART8_Init	8	static
main.c:1073:13:MX_USART3_UART_Init	8	static
main.c:1106:13:MX_USART6_UART_Init	8	static
main.c:1139:13:MX_GPIO_Init	64	static
main.c:1307:6:getAltitudeDataLog	56	static
main.c:1324:7:getAltitude	16	static
main.c:1331:6:HAL_TIM_PeriodElapsedCallback	16	static
main.c:1450:5:save_flash_to_sd	48	dynamic
main.c:1510:9:get_continuity	16	static
main.c:1525:7:prop_poll_pressure_transducer	16	static
main.c:1547:6:Error_Handler	8	static,ignoring_inline_asm
