main.c:172:6:tone	24	static
main.c:180:6:buzz_success	8	static
main.c:181:6:buzz_failure	8	static
main.c:189:5:main	40	static
main.c:338:6:SystemClock_Config	136	static
main.c:396:13:MX_ADC1_Init	24	static
main.c:446:13:MX_I2C1_Init	8	static
main.c:492:13:MX_I2C2_Init	8	static
main.c:538:13:MX_I2C3_Init	8	static
main.c:584:13:MX_RTC_Init	32	static
main.c:646:13:MX_SPI2_Init	8	static
main.c:684:13:MX_SPI4_Init	8	static
main.c:722:13:MX_SPI5_Init	8	static
main.c:760:13:MX_TIM2_Init	64	static
main.c:819:13:MX_TIM4_Init	32	static
main.c:864:13:MX_UART8_Init	8	static
main.c:897:13:MX_USART3_UART_Init	8	static
main.c:930:13:MX_USART6_UART_Init	8	static
main.c:963:13:MX_GPIO_Init	64	static
main.c:1123:6:HAL_TIM_PeriodElapsedCallback	184	static
main.c:1179:5:save_flash_to_sd	48	dynamic
main.c:1239:9:get_continuity	16	static
main.c:1260:6:Error_Handler	4	static
