sx126x.c:332:21:sx126x_hal_write	48	static
sx126x.c:359:21:sx126x_hal_read	40	static
sx126x.c:379:21:sx126x_hal_reset	24	static
sx126x.c:396:21:sx126x_hal_wakeup	24	static
sx126x.c:405:19:writeCommand	40	static
sx126x.c:416:19:readCommand	40	static
sx126x.c:426:6:set_NSS_pin	16	static
sx126x.c:431:6:set_BUSY_pin	16	static
sx126x.c:436:6:set_NRESET_pin	16	static
sx126x.c:441:6:set_DIO1_pin	16	static
sx126x.c:446:6:set_DIO2_pin	16	static
sx126x.c:451:6:set_DIO3_pin	16	static
sx126x.c:456:6:set_hspi	8	static
sx126x.c:460:6:Tx_setup	32	static
sx126x.c:520:6:TxProtocol	24	static
sx126x.c:534:6:Rx_setup	24	static
sx126x.c:588:6:RxProtocol	24	static
sx126x.c:631:17:sx126x_set_sleep	32	static
sx126x.c:642:17:sx126x_set_standby	32	static
sx126x.c:653:17:sx126x_set_fs	32	static
sx126x.c:662:17:sx126x_set_tx	32	static
sx126x.c:685:17:sx126x_set_tx_with_timeout_in_rtc_step	32	static
sx126x.c:698:17:sx126x_set_rx	24	static
sx126x.c:710:17:sx126x_set_rx_with_timeout_in_rtc_step	32	static
sx126x.c:723:17:sx126x_stop_timer_on_preamble	32	static
sx126x.c:734:17:sx126x_set_rx_duty_cycle	32	static
sx126x.c:743:17:sx126x_set_rx_duty_cycle_with_timings_in_rtc_step	40	static
sx126x.c:762:17:sx126x_set_cad	32	static
sx126x.c:771:17:sx126x_set_tx_cw	32	static
sx126x.c:780:17:sx126x_set_tx_infinite_preamble	32	static
sx126x.c:789:17:sx126x_set_reg_mode	32	static
sx126x.c:800:17:sx126x_cal	32	static
sx126x.c:811:17:sx126x_cal_img_hex	32	static
sx126x.c:822:17:sx126x_cal_img_freq	32	static
sx126x.c:857:17:sx126x_set_pa_cfg	32	static
sx126x.c:870:17:sx126x_set_rx_tx_fallback_mode	32	static
sx126x.c:885:17:sx126x_write_register	40	static
sx126x.c:898:17:sx126x_read_register	40	static
sx126x.c:913:17:sx126x_write_buffer	40	static
sx126x.c:925:17:sx126x_read_buffer	64	dynamic
sx126x.c:960:17:sx126x_set_dio_irq_params	48	static
sx126x.c:982:17:sx126x_get_irq_status	40	static
sx126x.c:1002:17:sx126x_clear_irq_status	32	static
sx126x.c:1014:17:sx126x_get_and_clear_irq_status	24	static
sx126x.c:1031:17:sx126x_set_dio2_as_rf_sw_ctrl	32	static
sx126x.c:1042:17:sx126x_set_dio3_as_tcxo_ctrl	40	static
sx126x.c:1062:17:sx126x_set_rf_freq	24	static
sx126x.c:1069:17:sx126x_set_rf_freq_in_pll_steps	32	static
sx126x.c:1083:17:sx126x_set_pkt_type	32	static
sx126x.c:1094:17:sx126x_get_pkt_type	32	static
sx126x.c:1108:17:sx126x_set_tx_params	32	static
sx126x.c:1120:17:sx126x_set_gfsk_mod_params	48	static
sx126x.c:1152:17:sx126x_set_lora_mod_params	32	static
sx126x.c:1178:17:sx126x_set_gfsk_pkt_params	40	static
sx126x.c:1197:17:sx126x_set_lora_pkt_params	40	static
sx126x.c:1238:17:sx126x_set_cad_params	32	static
sx126x.c:1255:17:sx126x_set_buffer_base_address	32	static
sx126x.c:1268:17:sx126x_set_lora_symb_nb_timeout	40	static
sx126x.c:1302:17:sx126x_get_status	32	static
sx126x.c:1323:17:sx126x_get_rx_buffer_status	40	static
sx126x.c:1343:17:sx126x_get_gfsk_pkt_status	32	static
sx126x.c:1375:17:sx126x_get_lora_pkt_status	32	static
sx126x.c:1396:17:sx126x_get_rssi_inst	32	static
sx126x.c:1414:17:sx126x_get_gfsk_stats	40	static
sx126x.c:1435:17:sx126x_get_lora_stats	40	static
sx126x.c:1455:17:sx126x_reset_stats	32	static
sx126x.c:1468:17:sx126x_reset	16	static
sx126x.c:1473:17:sx126x_wakeup	16	static
sx126x.c:1478:17:sx126x_get_device_errors	32	static
sx126x.c:1497:17:sx126x_clear_device_errors	32	static
sx126x.c:1506:17:sx126x_get_gfsk_bw_param	24	static
sx126x.c:1527:10:sx126x_get_lora_bw_in_hz	24	static
sx126x.c:1568:10:sx126x_get_lora_time_on_air_numerator	48	static
sx126x.c:1615:10:sx126x_get_lora_time_on_air_in_ms	24	static
sx126x.c:1624:10:sx126x_get_gfsk_time_on_air_numerator	24	static
sx126x.c:1633:10:sx126x_get_gfsk_time_on_air_in_ms	24	static
sx126x.c:1643:17:sx126x_get_random_numbers	32	static
sx126x.c:1710:10:sx126x_convert_freq_in_hz_to_pll_step	24	static
sx126x.c:1725:10:sx126x_convert_timeout_in_ms_to_rtc_step	16	static
sx126x.c:1734:17:sx126x_cfg_rx_boosted	24	static
sx126x.c:1746:17:sx126x_set_gfsk_sync_word	40	static
sx126x.c:1760:17:sx126x_set_lora_sync_word	24	static
sx126x.c:1778:17:sx126x_set_gfsk_crc_seed	24	static
sx126x.c:1785:17:sx126x_set_gfsk_crc_polynomial	24	static
sx126x.c:1792:17:sx126x_set_gfsk_whitening_seed	24	static
sx126x.c:1814:17:sx126x_cfg_tx_clamp	24	static
sx126x.c:1830:17:sx126x_stop_rtc	24	static
sx126x.c:1852:17:sx126x_set_ocp_value	16	static
sx126x.c:1857:17:sx126x_set_trimming_capacitor_values	24	static
sx126x.c:1870:24:sx126x_tx_modulation_workaround	24	static
sx126x.c:1901:24:sx126x_get_gfsk_crc_len_in_bytes	16	static
