sx126x.c:332:21:sx126x_hal_write	32	static
sx126x.c:356:21:sx126x_hal_read	40	static
sx126x.c:376:21:sx126x_hal_reset	24	static
sx126x.c:393:21:sx126x_hal_wakeup	24	static
sx126x.c:402:19:writeCommand	24	static
sx126x.c:412:19:readCommand	40	static
sx126x.c:422:6:set_NSS_pin	16	static
sx126x.c:427:6:set_BUSY_pin	16	static
sx126x.c:432:6:set_NRESET_pin	16	static
sx126x.c:437:6:set_DIO1_pin	16	static
sx126x.c:442:6:set_DIO2_pin	16	static
sx126x.c:447:6:set_DIO3_pin	16	static
sx126x.c:452:6:set_hspi	8	static
sx126x.c:456:6:Tx_setup	32	static
sx126x.c:516:6:TxProtocol	24	static
sx126x.c:530:6:Rx_setup	24	static
sx126x.c:584:6:RxProtocol	24	static
sx126x.c:627:17:sx126x_set_sleep	32	static
sx126x.c:638:17:sx126x_set_standby	32	static
sx126x.c:649:17:sx126x_set_fs	32	static
sx126x.c:658:17:sx126x_set_tx	32	static
sx126x.c:681:17:sx126x_set_tx_with_timeout_in_rtc_step	32	static
sx126x.c:694:17:sx126x_set_rx	24	static
sx126x.c:706:17:sx126x_set_rx_with_timeout_in_rtc_step	32	static
sx126x.c:719:17:sx126x_stop_timer_on_preamble	32	static
sx126x.c:730:17:sx126x_set_rx_duty_cycle	32	static
sx126x.c:739:17:sx126x_set_rx_duty_cycle_with_timings_in_rtc_step	40	static
sx126x.c:758:17:sx126x_set_cad	32	static
sx126x.c:767:17:sx126x_set_tx_cw	32	static
sx126x.c:776:17:sx126x_set_tx_infinite_preamble	32	static
sx126x.c:785:17:sx126x_set_reg_mode	32	static
sx126x.c:796:17:sx126x_cal	32	static
sx126x.c:807:17:sx126x_cal_img_hex	32	static
sx126x.c:818:17:sx126x_cal_img_freq	32	static
sx126x.c:853:17:sx126x_set_pa_cfg	32	static
sx126x.c:866:17:sx126x_set_rx_tx_fallback_mode	32	static
sx126x.c:881:17:sx126x_write_register	40	static
sx126x.c:894:17:sx126x_read_register	40	static
sx126x.c:909:17:sx126x_write_buffer	40	static
sx126x.c:921:17:sx126x_read_buffer	64	dynamic
sx126x.c:956:17:sx126x_set_dio_irq_params	48	static
sx126x.c:978:17:sx126x_get_irq_status	40	static
sx126x.c:998:17:sx126x_clear_irq_status	32	static
sx126x.c:1010:17:sx126x_get_and_clear_irq_status	24	static
sx126x.c:1027:17:sx126x_set_dio2_as_rf_sw_ctrl	32	static
sx126x.c:1038:17:sx126x_set_dio3_as_tcxo_ctrl	40	static
sx126x.c:1058:17:sx126x_set_rf_freq	24	static
sx126x.c:1065:17:sx126x_set_rf_freq_in_pll_steps	32	static
sx126x.c:1079:17:sx126x_set_pkt_type	32	static
sx126x.c:1090:17:sx126x_get_pkt_type	32	static
sx126x.c:1104:17:sx126x_set_tx_params	32	static
sx126x.c:1116:17:sx126x_set_gfsk_mod_params	48	static
sx126x.c:1148:17:sx126x_set_lora_mod_params	32	static
sx126x.c:1174:17:sx126x_set_gfsk_pkt_params	40	static
sx126x.c:1193:17:sx126x_set_lora_pkt_params	40	static
sx126x.c:1234:17:sx126x_set_cad_params	32	static
sx126x.c:1251:17:sx126x_set_buffer_base_address	32	static
sx126x.c:1264:17:sx126x_set_lora_symb_nb_timeout	40	static
sx126x.c:1298:17:sx126x_get_status	32	static
sx126x.c:1319:17:sx126x_get_rx_buffer_status	40	static
sx126x.c:1339:17:sx126x_get_gfsk_pkt_status	32	static
sx126x.c:1371:17:sx126x_get_lora_pkt_status	32	static
sx126x.c:1392:17:sx126x_get_rssi_inst	32	static
sx126x.c:1410:17:sx126x_get_gfsk_stats	40	static
sx126x.c:1431:17:sx126x_get_lora_stats	40	static
sx126x.c:1451:17:sx126x_reset_stats	32	static
sx126x.c:1464:17:sx126x_reset	16	static
sx126x.c:1469:17:sx126x_wakeup	16	static
sx126x.c:1474:17:sx126x_get_device_errors	32	static
sx126x.c:1493:17:sx126x_clear_device_errors	32	static
sx126x.c:1502:17:sx126x_get_gfsk_bw_param	24	static
sx126x.c:1523:10:sx126x_get_lora_bw_in_hz	24	static
sx126x.c:1564:10:sx126x_get_lora_time_on_air_numerator	48	static
sx126x.c:1611:10:sx126x_get_lora_time_on_air_in_ms	24	static
sx126x.c:1620:10:sx126x_get_gfsk_time_on_air_numerator	24	static
sx126x.c:1629:10:sx126x_get_gfsk_time_on_air_in_ms	24	static
sx126x.c:1639:17:sx126x_get_random_numbers	32	static
sx126x.c:1706:10:sx126x_convert_freq_in_hz_to_pll_step	24	static
sx126x.c:1721:10:sx126x_convert_timeout_in_ms_to_rtc_step	16	static
sx126x.c:1730:17:sx126x_cfg_rx_boosted	24	static
sx126x.c:1742:17:sx126x_set_gfsk_sync_word	40	static
sx126x.c:1756:17:sx126x_set_lora_sync_word	24	static
sx126x.c:1774:17:sx126x_set_gfsk_crc_seed	24	static
sx126x.c:1781:17:sx126x_set_gfsk_crc_polynomial	24	static
sx126x.c:1788:17:sx126x_set_gfsk_whitening_seed	24	static
sx126x.c:1810:17:sx126x_cfg_tx_clamp	24	static
sx126x.c:1826:17:sx126x_stop_rtc	24	static
sx126x.c:1848:17:sx126x_set_ocp_value	16	static
sx126x.c:1853:17:sx126x_set_trimming_capacitor_values	24	static
sx126x.c:1866:24:sx126x_tx_modulation_workaround	24	static
sx126x.c:1897:24:sx126x_get_gfsk_crc_len_in_bytes	16	static
