main.c:95:5:main	400	static
main.c:222:6:SystemClock_Config	88	static
main.c:268:13:MX_ADC1_Init	24	static
main.c:318:13:MX_I2C1_Init	8	static
main.c:364:13:MX_I2C2_Init	8	static
main.c:410:13:MX_I2C3_Init	8	static
main.c:456:13:MX_SPI2_Init	8	static
main.c:494:13:MX_SPI4_Init	8	static
main.c:532:13:MX_SPI5_Init	8	static
main.c:570:13:MX_TIM2_Init	48	static
main.c:619:13:MX_UART8_Init	8	static
main.c:652:13:MX_USART3_UART_Init	8	static
main.c:685:13:MX_USART6_UART_Init	8	static
main.c:718:13:MX_USB_OTG_FS_PCD_Init	8	static
main.c:753:13:MX_GPIO_Init	64	static
main.c:911:6:HAL_TIM_PeriodElapsedCallback	16	static
main.c:928:6:Error_Handler	4	static,ignoring_inline_asm
