sx126x.c:333:21:sx126x_hal_write	32	static
sx126x.c:357:21:sx126x_hal_read	40	static
sx126x.c:377:21:sx126x_hal_reset	24	static
sx126x.c:394:21:sx126x_hal_wakeup	24	static
sx126x.c:403:19:writeCommand	24	static
sx126x.c:413:19:readCommand	40	static
sx126x.c:423:6:set_NSS_pin	16	static
sx126x.c:428:6:set_BUSY_pin	16	static
sx126x.c:433:6:set_NRESET_pin	16	static
sx126x.c:438:6:set_DIO1_pin	16	static
sx126x.c:443:6:set_DIO2_pin	16	static
sx126x.c:448:6:set_DIO3_pin	16	static
sx126x.c:453:6:set_hspi	8	static
sx126x.c:457:6:Tx_setup	32	static
sx126x.c:517:6:TxProtocol	24	static
sx126x.c:531:6:Rx_setup	24	static
sx126x.c:585:6:RxProtocol	24	static
sx126x.c:628:17:sx126x_set_sleep	32	static
sx126x.c:639:17:sx126x_set_standby	32	static
sx126x.c:650:17:sx126x_set_fs	32	static
sx126x.c:659:17:sx126x_set_tx	32	static
sx126x.c:682:17:sx126x_set_tx_with_timeout_in_rtc_step	32	static
sx126x.c:695:17:sx126x_set_rx	24	static
sx126x.c:707:17:sx126x_set_rx_with_timeout_in_rtc_step	32	static
sx126x.c:720:17:sx126x_stop_timer_on_preamble	32	static
sx126x.c:731:17:sx126x_set_rx_duty_cycle	32	static
sx126x.c:740:17:sx126x_set_rx_duty_cycle_with_timings_in_rtc_step	40	static
sx126x.c:759:17:sx126x_set_cad	32	static
sx126x.c:768:17:sx126x_set_tx_cw	32	static
sx126x.c:777:17:sx126x_set_tx_infinite_preamble	32	static
sx126x.c:786:17:sx126x_set_reg_mode	32	static
sx126x.c:797:17:sx126x_cal	32	static
sx126x.c:808:17:sx126x_cal_img_hex	32	static
sx126x.c:819:17:sx126x_cal_img_freq	32	static
sx126x.c:854:17:sx126x_set_pa_cfg	32	static
sx126x.c:867:17:sx126x_set_rx_tx_fallback_mode	32	static
sx126x.c:882:17:sx126x_write_register	40	static
sx126x.c:895:17:sx126x_read_register	40	static
sx126x.c:910:17:sx126x_write_buffer	40	static
sx126x.c:922:17:sx126x_read_buffer	64	dynamic
sx126x.c:957:17:sx126x_set_dio_irq_params	48	static
sx126x.c:979:17:sx126x_get_irq_status	40	static
sx126x.c:999:17:sx126x_clear_irq_status	32	static
sx126x.c:1011:17:sx126x_get_and_clear_irq_status	24	static
sx126x.c:1028:17:sx126x_set_dio2_as_rf_sw_ctrl	32	static
sx126x.c:1039:17:sx126x_set_dio3_as_tcxo_ctrl	40	static
sx126x.c:1059:17:sx126x_set_rf_freq	24	static
sx126x.c:1066:17:sx126x_set_rf_freq_in_pll_steps	32	static
sx126x.c:1080:17:sx126x_set_pkt_type	32	static
sx126x.c:1091:17:sx126x_get_pkt_type	32	static
sx126x.c:1105:17:sx126x_set_tx_params	32	static
sx126x.c:1117:17:sx126x_set_gfsk_mod_params	48	static
sx126x.c:1149:17:sx126x_set_lora_mod_params	32	static
sx126x.c:1175:17:sx126x_set_gfsk_pkt_params	40	static
sx126x.c:1194:17:sx126x_set_lora_pkt_params	40	static
sx126x.c:1235:17:sx126x_set_cad_params	32	static
sx126x.c:1252:17:sx126x_set_buffer_base_address	32	static
sx126x.c:1265:17:sx126x_set_lora_symb_nb_timeout	40	static
sx126x.c:1299:17:sx126x_get_status	32	static
sx126x.c:1320:17:sx126x_get_rx_buffer_status	40	static
sx126x.c:1340:17:sx126x_get_gfsk_pkt_status	32	static
sx126x.c:1372:17:sx126x_get_lora_pkt_status	32	static
sx126x.c:1393:17:sx126x_get_rssi_inst	32	static
sx126x.c:1411:17:sx126x_get_gfsk_stats	40	static
sx126x.c:1432:17:sx126x_get_lora_stats	40	static
sx126x.c:1452:17:sx126x_reset_stats	32	static
sx126x.c:1465:17:sx126x_reset	16	static
sx126x.c:1470:17:sx126x_wakeup	16	static
sx126x.c:1475:17:sx126x_get_device_errors	32	static
sx126x.c:1494:17:sx126x_clear_device_errors	32	static
sx126x.c:1503:17:sx126x_get_gfsk_bw_param	24	static
sx126x.c:1524:10:sx126x_get_lora_bw_in_hz	24	static
sx126x.c:1565:10:sx126x_get_lora_time_on_air_numerator	48	static
sx126x.c:1612:10:sx126x_get_lora_time_on_air_in_ms	24	static
sx126x.c:1621:10:sx126x_get_gfsk_time_on_air_numerator	24	static
sx126x.c:1630:10:sx126x_get_gfsk_time_on_air_in_ms	24	static
sx126x.c:1640:17:sx126x_get_random_numbers	32	static
sx126x.c:1707:10:sx126x_convert_freq_in_hz_to_pll_step	24	static
sx126x.c:1722:10:sx126x_convert_timeout_in_ms_to_rtc_step	16	static
sx126x.c:1731:17:sx126x_cfg_rx_boosted	24	static
sx126x.c:1743:17:sx126x_set_gfsk_sync_word	40	static
sx126x.c:1757:17:sx126x_set_lora_sync_word	24	static
sx126x.c:1775:17:sx126x_set_gfsk_crc_seed	24	static
sx126x.c:1782:17:sx126x_set_gfsk_crc_polynomial	24	static
sx126x.c:1789:17:sx126x_set_gfsk_whitening_seed	24	static
sx126x.c:1811:17:sx126x_cfg_tx_clamp	24	static
sx126x.c:1827:17:sx126x_stop_rtc	24	static
sx126x.c:1849:17:sx126x_set_ocp_value	16	static
sx126x.c:1854:17:sx126x_set_trimming_capacitor_values	24	static
sx126x.c:1867:24:sx126x_tx_modulation_workaround	24	static
sx126x.c:1898:24:sx126x_get_gfsk_crc_len_in_bytes	16	static
