main.c:153:6:myprintf	16	static
main.c:169:5:main	32	static
main.c:260:6:SystemClock_Config	160	static
main.c:306:13:MX_I2C1_Init	8	static
main.c:352:13:MX_USART1_UART_Init	8	static
main.c:387:13:MX_USART2_UART_Init	8	static
main.c:422:13:MX_GPIO_Init	24	static
main.c:443:6:StartFakeEjection	24	static
main.c:468:6:StartFakeSensors	56	static
main.c:506:6:StartFakeTelemetry	56	static
main.c:540:6:GPS_rtos	56	static
main.c:564:6:HAL_TIM_PeriodElapsedCallback	16	static
main.c:581:6:Error_Handler	4	static,ignoring_inline_asm
