main.c:95:5:main	112	static
main.c:165:6:SystemClock_Config	88	static
main.c:205:13:MX_ADC1_Init	24	static
main.c:255:13:MX_I2C1_Init	8	static
main.c:301:13:MX_I2C2_Init	8	static
main.c:347:13:MX_I2C3_Init	8	static
main.c:393:13:MX_RTC_Init	72	static
main.c:473:13:MX_SPI2_Init	8	static
main.c:511:13:MX_SPI4_Init	8	static
main.c:549:13:MX_SPI5_Init	8	static
main.c:587:13:MX_TIM2_Init	48	static
main.c:636:13:MX_UART8_Init	8	static
main.c:669:13:MX_USART3_UART_Init	8	static
main.c:702:13:MX_USART6_UART_Init	8	static
main.c:735:13:MX_GPIO_Init	64	static
main.c:893:6:HAL_TIM_PeriodElapsedCallback	16	static
main.c:910:6:Error_Handler	4	static,ignoring_inline_asm
