main.c:167:6:radio_tx	16	static
main.c:185:6:tone	24	static
main.c:194:6:buzz_success	8	static
main.c:195:6:buzz_failure	8	static
main.c:198:6:debug_tx_uart	16	static
main.c:208:5:main	216	static
main.c:632:6:SystemClock_Config	136	static
main.c:681:6:HAL_GPIO_EXTI_Callback	16	static
main.c:689:6:HAL_UART_RxCpltCallback	16	static
main.c:716:7:getAltitude	16	static
main.c:722:5:flash_write	24	static
main.c:731:9:get_continuity	16	static
main.c:743:7:prop_poll_pressure_transducer	16	static
main.c:764:6:Error_Handler	8	static,ignoring_inline_asm
