main.c:196:6:radio_tx	16	static
main.c:215:6:tone	24	static
main.c:224:6:buzz_success	8	static
main.c:225:6:buzz_failure	8	static
main.c:233:5:main	40	static
main.c:503:6:SystemClock_Config	136	static
main.c:552:6:HAL_GPIO_EXTI_Callback	16	static
main.c:565:6:HAL_UART_RxCpltCallback	24	static
main.c:590:6:HAL_UART_TxCpltCallback	16	static
main.c:606:6:HAL_TIM_PeriodElapsedCallback	16	static
main.c:636:7:getAltitude	16	static
main.c:642:5:flash_write	24	static
main.c:652:9:get_continuity	16	static
main.c:664:7:prop_poll_pressure_transducer	16	static
main.c:683:7:convert_prop_tank_pressure	24	static
main.c:700:6:check_flight_state	16	static
main.c:833:6:xtend_transmit_telemetry	16	static
main.c:870:6:update_radio_timer_params	16	static
main.c:918:6:telemetry_format_avionics	176	static
main.c:929:6:telemetry_format_propulsion	56	static
main.c:941:6:Error_Handler	8	static,ignoring_inline_asm
