MRT_memory.c:69:6:MRT_saveFlagValue	16	static
MRT_memory.c:85:6:MRT_updateFlagsValues	4	static
MRT_memory.c:105:9:MRT_checkFlagsValues	24	static
MRT_memory.c:127:6:MRT_resetFlags	4	static
MRT_memory.c:161:6:MRT_saveTotalTime	8	static
MRT_memory.c:179:6:MRT_resetTotalTime	16	static
MRT_memory.c:206:6:MRT_saveTimeValue	16	static
MRT_memory.c:222:6:MRT_updateTimeValues	4	static
MRT_memory.c:240:9:MRT_checkTimeValues	24	static
MRT_memory.c:271:6:MRT_MEMORY_Init	8	static
MRT_memory.c:309:6:MRT_stateRestoration	8	static
MRT_memory.c:376:6:MRT_checkWakeUp	8	static
