main.c:92:5:main	8	static
main.c:147:6:SystemClock_Config	160	static
main.c:203:13:MX_ADC1_Init	48	static
main.c:266:13:MX_ADC2_Init	32	static
main.c:321:13:MX_ADC3_Init	48	static
main.c:384:13:MX_I2C1_Init	8	static
main.c:430:13:MX_RTC_Init	8	static
main.c:464:13:MX_SPI2_Init	8	static
main.c:504:13:MX_SPI3_Init	8	static
main.c:544:13:MX_TIM2_Init	40	static
main.c:589:13:MX_TIM3_Init	64	static
main.c:648:13:MX_USART1_UART_Init	8	static
main.c:683:13:MX_USART2_UART_Init	8	static
main.c:718:13:MX_GPIO_Init	48	static
main.c:800:6:Error_Handler	4	static,ignoring_inline_asm
