main.c:97:5:main	88	static
main.c:160:6:SystemClock_Config	88	static
main.c:206:13:MX_ADC1_Init	24	static
main.c:256:13:MX_I2C1_Init	8	static
main.c:302:13:MX_I2C2_Init	8	static
main.c:348:13:MX_I2C3_Init	8	static
main.c:394:13:MX_SPI2_Init	8	static
main.c:432:13:MX_SPI4_Init	8	static
main.c:470:13:MX_SPI5_Init	8	static
main.c:508:13:MX_TIM2_Init	48	static
main.c:557:13:MX_UART8_Init	8	static
main.c:590:13:MX_USART3_UART_Init	8	static
main.c:623:13:MX_USART6_UART_Init	8	static
main.c:656:13:MX_USB_OTG_FS_PCD_Init	8	static
main.c:691:13:MX_GPIO_Init	64	static
main.c:838:6:transmitBuffer	24	static
main.c:846:6:transmitStatus	16	static
main.c:860:6:transmitIRQ	16	static
main.c:873:6:Error_Handler	4	static,ignoring_inline_asm
