core_cm4.h:1939:34:__NVIC_SystemReset	4	static,ignoring_inline_asm
main.c:164:5:main	112	static
main.c:332:6:SystemClock_Config	88	static
main.c:372:13:MX_ADC1_Init	24	static
main.c:422:13:MX_I2C1_Init	8	static
main.c:468:13:MX_I2C2_Init	8	static
main.c:514:13:MX_I2C3_Init	8	static
main.c:560:13:MX_IWDG_Init	8	static
main.c:588:13:MX_RTC_Init	72	static
main.c:668:13:MX_SPI2_Init	8	static
main.c:706:13:MX_SPI4_Init	8	static
main.c:744:13:MX_SPI5_Init	8	static
main.c:782:13:MX_TIM2_Init	48	static
main.c:831:13:MX_UART8_Init	8	static
main.c:864:13:MX_USART3_UART_Init	8	static
main.c:897:13:MX_USART6_UART_Init	8	static
main.c:930:13:MX_GPIO_Init	64	static
main.c:1091:6:StartMemory0	16	static
main.c:1109:6:StartEjection1	16	static
main.c:1127:6:StartTelemetry2	16	static
main.c:1145:6:StartSensors3	16	static
main.c:1163:6:StartPropulsion4	16	static
main.c:1181:6:StartPrinting	16	static
main.c:1200:6:HAL_TIM_PeriodElapsedCallback	16	static
main.c:1217:6:Error_Handler	4	static,ignoring_inline_asm
