core_cm4.h:1939:34:__NVIC_SystemReset	4	static,ignoring_inline_asm
main.c:164:5:main	64	static
main.c:309:6:SystemClock_Config	88	static
main.c:349:13:MX_ADC1_Init	24	static
main.c:399:13:MX_I2C1_Init	8	static
main.c:445:13:MX_I2C2_Init	8	static
main.c:491:13:MX_I2C3_Init	8	static
main.c:537:13:MX_IWDG_Init	8	static
main.c:565:13:MX_RTC_Init	72	static
main.c:645:13:MX_SPI2_Init	8	static
main.c:683:13:MX_SPI4_Init	8	static
main.c:721:13:MX_SPI5_Init	8	static
main.c:759:13:MX_TIM2_Init	48	static
main.c:808:13:MX_UART8_Init	8	static
main.c:841:13:MX_USART3_UART_Init	8	static
main.c:874:13:MX_USART6_UART_Init	8	static
main.c:907:13:MX_GPIO_Init	64	static
main.c:1068:6:StartMemory0	16	static
main.c:1086:6:StartEjection1	16	static
main.c:1104:6:StartTelemetry2	16	static
main.c:1122:6:StartSensors3	16	static
main.c:1140:6:StartPropulsion4	16	static
main.c:1158:6:StartPrinting	16	static
main.c:1177:6:HAL_TIM_PeriodElapsedCallback	16	static
main.c:1194:6:Error_Handler	4	static,ignoring_inline_asm
