IridiumSBD.h:166:4:IridiumSBD::IridiumSBD(TwoWire&, uint8_t)	24	static
main.cpp:85:5:int main()	160	static
main.cpp:132:6:void SystemClock_Config()	88	static
main.cpp:178:13:void MX_I2C1_Init()	8	static
main.cpp:212:13:void MX_USART3_UART_Init()	8	static
main.cpp:245:13:void MX_GPIO_Init()	16	static
main.cpp:256:16:uint8_t setup(IridiumSBD)	16	static
main.cpp:331:13:void iridiumErrorMessage(uint8_t)	16	static
main.cpp:398:6:void HAL_TIM_PeriodElapsedCallback(TIM_HandleTypeDef*)	16	static
main.cpp:415:6:void Error_Handler()	4	static,ignoring_inline_asm
main.cpp:424:1:void __static_initialization_and_destruction_0(int, int)	16	static
main.cpp:424:1:cpp)	8	static
