IridiumSBD.h:176:4:IridiumSBD::IridiumSBD(TwoWire&, uint8_t)	24	static
main.cpp:89:5:int main()	184	static
main.cpp:177:6:void SystemClock_Config()	88	static
main.cpp:223:13:void MX_I2C1_Init()	8	static
main.cpp:257:13:void MX_USART3_UART_Init()	8	static
main.cpp:290:13:void MX_GPIO_Init()	16	static
main.cpp:310:6:void HAL_TIM_PeriodElapsedCallback(TIM_HandleTypeDef*)	16	static
main.cpp:327:6:void Error_Handler()	4	static,ignoring_inline_asm
main.cpp:336:1:void __static_initialization_and_destruction_0(int, int)	16	static
main.cpp:336:1:cpp)	8	static
