main.c:142:5:main	160	static
main.c:273:6:SystemClock_Config	88	static
main.c:315:13:MX_I2C1_Init	8	static
main.c:349:13:MX_RTC_Init	72	static
main.c:429:13:MX_USART3_UART_Init	8	static
main.c:462:13:MX_GPIO_Init	40	static
main.c:494:6:StartEjection1	56	static
main.c:590:6:StartTelemetry2	16	static
main.c:644:6:StartSensors3	16	static
main.c:671:6:StartPropulsion4	16	static
main.c:705:6:StartMemory0	16	static
main.c:734:6:HAL_TIM_PeriodElapsedCallback	16	static
main.c:751:6:Error_Handler	4	static,ignoring_inline_asm
