main.c:143:5:main	160	static
main.c:274:6:SystemClock_Config	88	static
main.c:316:13:MX_I2C1_Init	8	static
main.c:350:13:MX_RTC_Init	72	static
main.c:430:13:MX_USART3_UART_Init	8	static
main.c:463:13:MX_GPIO_Init	40	static
main.c:495:6:StartEjection1	56	static
main.c:588:6:StartTelemetry2	16	static
main.c:630:6:StartSensors3	16	static
main.c:657:6:StartPropulsion4	16	static
main.c:691:6:StartMemory0	16	static
main.c:735:6:HAL_TIM_PeriodElapsedCallback	16	static
main.c:752:6:Error_Handler	4	static,ignoring_inline_asm
