core_cm4.h:1939:34:__NVIC_SystemReset	4	static,ignoring_inline_asm
main.c:251:5:main	104	static
main.c:633:6:SystemClock_Config	88	static
main.c:678:13:MX_ADC1_Init	24	static
main.c:728:13:MX_I2C2_Init	8	static
main.c:774:13:MX_I2C3_Init	8	static
main.c:820:13:MX_IWDG_Init	8	static
main.c:848:13:MX_RTC_Init	72	static
main.c:928:13:MX_SPI2_Init	8	static
main.c:966:13:MX_SPI4_Init	8	static
main.c:1004:13:MX_SPI5_Init	8	static
main.c:1042:13:MX_TIM2_Init	64	static
main.c:1101:13:MX_UART8_Init	8	static
main.c:1134:13:MX_USART3_UART_Init	8	static
main.c:1167:13:MX_USART6_UART_Init	8	static
main.c:1200:13:MX_GPIO_Init	64	static
main.c:1357:13:XTend_Transmit	16	static
main.c:1370:6:StartMemory0	72	static
main.c:1416:6:StartEjection1	24	static
main.c:1530:6:StartTelemetry2	16	static
main.c:1648:6:StartSensors3	24	static
main.c:1723:6:StartPrinting	272	static
main.c:1806:6:StartWatchDog	312	static
main.c:1923:6:HAL_TIM_PeriodElapsedCallback	16	static
main.c:1940:6:Error_Handler	4	static
