core_cm4.h:1939:34:__NVIC_SystemReset	4	static,ignoring_inline_asm
main.c:251:5:main	104	static
main.c:644:6:SystemClock_Config	88	static
main.c:695:13:MX_ADC1_Init	24	static
main.c:745:13:MX_I2C2_Init	8	static
main.c:791:13:MX_I2C3_Init	8	static
main.c:837:13:MX_IWDG_Init	8	static
main.c:865:13:MX_RTC_Init	72	static
main.c:945:13:MX_SPI2_Init	8	static
main.c:983:13:MX_SPI4_Init	8	static
main.c:1021:13:MX_SPI5_Init	8	static
main.c:1059:13:MX_TIM2_Init	64	static
main.c:1118:13:MX_UART8_Init	8	static
main.c:1151:13:MX_USART3_UART_Init	8	static
main.c:1184:13:MX_USART6_UART_Init	8	static
main.c:1217:13:MX_GPIO_Init	64	static
main.c:1387:13:XTend_Transmit	16	static
main.c:1400:6:StartMemory0	72	static
main.c:1452:6:StartEjection1	24	static
main.c:1566:6:StartTelemetry2	16	static
main.c:1684:6:StartSensors3	24	static
main.c:1759:6:StartPrinting	272	static
main.c:1839:6:StartWatchDog	312	static
main.c:1958:6:HAL_TIM_PeriodElapsedCallback	16	static
main.c:1975:6:Error_Handler	4	static
