main.c:163:5:main	32	static
main.c:300:6:SystemClock_Config	88	static
main.c:344:13:MX_ADC1_Init	24	static
main.c:394:13:MX_I2C3_Init	8	static
main.c:440:13:MX_SPI4_Init	8	static
main.c:478:13:MX_SPI5_Init	8	static
main.c:516:13:MX_TIM2_Init	64	static
main.c:575:13:MX_UART8_Init	8	static
main.c:608:13:MX_USART6_UART_Init	8	static
main.c:641:13:MX_GPIO_Init	56	static
main.c:755:6:printSensorsFunc	48	static
main.c:784:6:pollSensorsFunc	16	static
main.c:809:6:saveDataFunc	48	static
main.c:833:6:ejectionFunc	16	static
main.c:851:6:transmitDataFunc	16	static
main.c:870:6:HAL_TIM_PeriodElapsedCallback	16	static
main.c:887:6:Error_Handler	4	static,ignoring_inline_asm
