main.c:121:5:main	32	static
main.c:211:6:SystemClock_Config	88	static
main.c:255:13:MX_ADC1_Init	24	static
main.c:305:13:MX_I2C3_Init	8	static
main.c:351:13:MX_SPI4_Init	8	static
main.c:389:13:MX_SPI5_Init	8	static
main.c:427:13:MX_TIM2_Init	64	static
main.c:486:13:MX_UART8_Init	8	static
main.c:519:13:MX_USART6_UART_Init	8	static
main.c:552:13:MX_GPIO_Init	56	static
main.c:666:6:printSensorsFunc	48	static
main.c:688:6:pollSensorsFunction	16	static
main.c:711:6:HAL_TIM_PeriodElapsedCallback	16	static
main.c:728:6:Error_Handler	4	static,ignoring_inline_asm
