main.c:97:5:main	8	static
main.c:181:6:SystemClock_Config	88	static
main.c:227:13:MX_RTC_Init	72	static
main.c:307:13:MX_USART3_UART_Init	8	static
main.c:340:13:MX_USB_OTG_FS_PCD_Init	8	static
main.c:375:13:MX_GPIO_Init	56	static
main.c:429:6:HAL_RTC_AlarmAEventCallback	16	static
main.c:435:6:HAL_RTCEx_WakeUpTimerEventCallback	16	static
main.c:481:6:StartMainTask	32	static
main.c:531:6:StartBlinkyTask	16	static
main.c:560:6:HAL_TIM_PeriodElapsedCallback	16	static
main.c:577:6:Error_Handler	4	static,ignoring_inline_asm
