main.c:131:5:main	104	static
main.c:233:6:SystemClock_Config	88	static
main.c:279:13:MX_ADC1_Init	24	static
main.c:329:13:MX_I2C1_Init	8	static
main.c:375:13:MX_I2C2_Init	8	static
main.c:421:13:MX_I2C3_Init	8	static
main.c:467:13:MX_SPI2_Init	8	static
main.c:505:13:MX_SPI4_Init	8	static
main.c:543:13:MX_SPI5_Init	8	static
main.c:581:13:MX_TIM2_Init	48	static
main.c:630:13:MX_UART8_Init	8	static
main.c:663:13:MX_USART3_UART_Init	8	static
main.c:696:13:MX_USART6_UART_Init	8	static
main.c:729:13:MX_USB_OTG_FS_PCD_Init	8	static
main.c:764:13:MX_GPIO_Init	64	static
main.c:921:6:StartDefaultTask	312	static
main.c:953:6:StartFakeSensors	24	static
main.c:978:6:HAL_TIM_PeriodElapsedCallback	16	static
main.c:995:6:Error_Handler	4	static,ignoring_inline_asm
