main.c:123:5:main	8	static
main.c:216:6:SystemClock_Config	88	static
main.c:262:13:MX_ADC1_Init	24	static
main.c:312:13:MX_I2C1_Init	8	static
main.c:358:13:MX_I2C2_Init	8	static
main.c:404:13:MX_I2C3_Init	8	static
main.c:450:13:MX_SPI2_Init	8	static
main.c:488:13:MX_SPI4_Init	8	static
main.c:526:13:MX_SPI5_Init	8	static
main.c:564:13:MX_TIM2_Init	48	static
main.c:613:13:MX_UART8_Init	8	static
main.c:646:13:MX_USART3_UART_Init	8	static
main.c:679:13:MX_USART6_UART_Init	8	static
main.c:712:13:MX_USB_OTG_FS_PCD_Init	8	static
main.c:747:13:MX_GPIO_Init	64	static
main.c:904:6:StartDefaultTask	56	static
main.c:926:6:StartFakeSensors	232	static
main.c:959:6:HAL_TIM_PeriodElapsedCallback	16	static
main.c:976:6:Error_Handler	4	static,ignoring_inline_asm
