lps22hh_reg.c:49:9:lps22hh_read_reg	48	static
lps22hh_reg.c:76:9:lps22hh_write_reg	40	static
lps22hh_reg.c:98:9:lps22hh_from_lsb_to_hpa	16	static
lps22hh_reg.c:103:9:lps22hh_from_lsb_to_celsius	16	static
lps22hh_reg.c:129:9:lps22hh_autozero_rst_set	24	static
lps22hh_reg.c:153:9:lps22hh_autozero_rst_get	24	static
lps22hh_reg.c:172:9:lps22hh_autozero_set	24	static
lps22hh_reg.c:196:9:lps22hh_autozero_get	24	static
lps22hh_reg.c:215:9:lps22hh_pressure_snap_rst_set	24	static
lps22hh_reg.c:239:9:lps22hh_pressure_snap_rst_get	24	static
lps22hh_reg.c:258:9:lps22hh_pressure_snap_set	24	static
lps22hh_reg.c:282:9:lps22hh_pressure_snap_get	24	static
lps22hh_reg.c:301:9:lps22hh_block_data_update_set	24	static
lps22hh_reg.c:325:9:lps22hh_block_data_update_get	24	static
lps22hh_reg.c:344:9:lps22hh_data_rate_set	32	static
lps22hh_reg.c:381:9:lps22hh_data_rate_get	32	static
lps22hh_reg.c:476:9:lps22hh_pressure_ref_set	24	static
lps22hh_reg.c:499:9:lps22hh_pressure_ref_get	24	static
lps22hh_reg.c:521:9:lps22hh_pressure_offset_set	24	static
lps22hh_reg.c:544:9:lps22hh_pressure_offset_get	24	static
lps22hh_reg.c:564:9:lps22hh_all_sources_get	24	static
lps22hh_reg.c:595:9:lps22hh_status_reg_get	24	static
lps22hh_reg.c:613:9:lps22hh_press_flag_data_ready_get	24	static
lps22hh_reg.c:633:9:lps22hh_temp_flag_data_ready_get	24	static
lps22hh_reg.c:665:9:lps22hh_pressure_raw_get	24	static
lps22hh_reg.c:687:9:lps22hh_temperature_raw_get	24	static
lps22hh_reg.c:707:9:lps22hh_fifo_pressure_raw_get	24	static
lps22hh_reg.c:730:9:lps22hh_fifo_temperature_raw_get	24	static
lps22hh_reg.c:763:9:lps22hh_device_id_get	40	static
lps22hh_reg.c:786:9:lps22hh_reset_set	24	static
lps22hh_reg.c:811:9:lps22hh_reset_get	24	static
lps22hh_reg.c:832:9:lps22hh_auto_increment_set	24	static
lps22hh_reg.c:858:9:lps22hh_auto_increment_get	24	static
lps22hh_reg.c:878:9:lps22hh_boot_set	24	static
lps22hh_reg.c:903:9:lps22hh_boot_get	24	static
lps22hh_reg.c:935:9:lps22hh_lp_bandwidth_set	24	static
lps22hh_reg.c:960:9:lps22hh_lp_bandwidth_get	24	static
lps22hh_reg.c:1011:9:lps22hh_i2c_interface_set	24	static
lps22hh_reg.c:1036:9:lps22hh_i2c_interface_get	24	static
lps22hh_reg.c:1070:9:lps22hh_i3c_interface_set	24	static
lps22hh_reg.c:1096:9:lps22hh_i3c_interface_get	24	static
lps22hh_reg.c:1134:9:lps22hh_sdo_sa0_mode_set	24	static
lps22hh_reg.c:1159:9:lps22hh_sdo_sa0_mode_get	24	static
lps22hh_reg.c:1193:9:lps22hh_sda_mode_set	24	static
lps22hh_reg.c:1217:9:lps22hh_sda_mode_get	24	static
lps22hh_reg.c:1250:9:lps22hh_spi_mode_set	24	static
lps22hh_reg.c:1274:9:lps22hh_spi_mode_get	24	static
lps22hh_reg.c:1320:9:lps22hh_int_notification_set	24	static
lps22hh_reg.c:1345:9:lps22hh_int_notification_get	24	static
lps22hh_reg.c:1379:9:lps22hh_pin_mode_set	24	static
lps22hh_reg.c:1403:9:lps22hh_pin_mode_get	24	static
lps22hh_reg.c:1436:9:lps22hh_pin_polarity_set	24	static
lps22hh_reg.c:1461:9:lps22hh_pin_polarity_get	24	static
lps22hh_reg.c:1495:9:lps22hh_pin_int_route_set	24	static
lps22hh_reg.c:1513:9:lps22hh_pin_int_route_get	24	static
lps22hh_reg.c:1544:9:lps22hh_int_on_threshold_set	24	static
lps22hh_reg.c:1580:9:lps22hh_int_on_threshold_get	24	static
lps22hh_reg.c:1622:9:lps22hh_int_treshold_set	32	static
lps22hh_reg.c:1650:9:lps22hh_int_treshold_get	32	static
lps22hh_reg.c:1690:9:lps22hh_fifo_mode_set	24	static
lps22hh_reg.c:1714:9:lps22hh_fifo_mode_get	24	static
lps22hh_reg.c:1769:9:lps22hh_fifo_stop_on_wtm_set	24	static
lps22hh_reg.c:1794:9:lps22hh_fifo_stop_on_wtm_get	24	static
lps22hh_reg.c:1813:9:lps22hh_fifo_watermark_set	24	static
lps22hh_reg.c:1837:9:lps22hh_fifo_watermark_get	24	static
lps22hh_reg.c:1856:9:lps22hh_fifo_data_level_get	24	static
lps22hh_reg.c:1873:9:lps22hh_fifo_src_get	24	static
lps22hh_reg.c:1891:9:lps22hh_fifo_full_flag_get	24	static
lps22hh_reg.c:1910:9:lps22hh_fifo_ovr_flag_get	24	static
lps22hh_reg.c:1929:9:lps22hh_fifo_wtm_flag_get	24	static
lps22hh_reg.c:1948:9:lps22hh_fifo_ovr_on_int_set	24	static
lps22hh_reg.c:1972:9:lps22hh_fifo_ovr_on_int_get	24	static
lps22hh_reg.c:1991:9:lps22hh_fifo_threshold_on_int_set	24	static
lps22hh_reg.c:2016:9:lps22hh_fifo_threshold_on_int_get	24	static
lps22hh_reg.c:2036:9:lps22hh_fifo_full_on_int_set	24	static
lps22hh_reg.c:2060:9:lps22hh_fifo_full_on_int_get	24	static
lps22hh_reg.c:2091:6:MRT_LPS22HH_Setup	24	static
lps22hh_reg.c:2138:6:MRT_LPS22HH_getPressure	24	static
lps22hh_reg.c:2150:6:MRT_LPS22HH_getTemperature	24	static
lps22hh_reg.c:2174:16:lps_write	40	static
lps22hh_reg.c:2190:16:lps_read	40	static
