Wire.h:57:19:size_t TwoWire::write(int)	16	static
IridiumSBD.cpp:39:6:bool ISBDCallback()	4	static
IridiumSBD.cpp:40:6:void ISBDConsoleCallback(IridiumSBD*, char)	16	static
IridiumSBD.cpp:41:6:void ISBDDiagsCallback(IridiumSBD*, char)	16	static
IridiumSBD.cpp:46:5:int IridiumSBD::begin()	24	static
IridiumSBD.cpp:67:5:int IridiumSBD::sendSBDBinary(const uint8_t*, size_t)	40	static
IridiumSBD.cpp:79:5:int IridiumSBD::sendReceiveSBDBinary(const uint8_t*, size_t, uint8_t*, size_t&)	40	static
IridiumSBD.cpp:91:5:int IridiumSBD::sendSBDText(const char*)	32	static
IridiumSBD.cpp:103:5:int IridiumSBD::sendReceiveSBDText(const char*, uint8_t*, size_t&)	40	static
IridiumSBD.cpp:115:5:int IridiumSBD::getSignalQuality(int&)	24	static
IridiumSBD.cpp:127:5:int IridiumSBD::sleep()	24	static
IridiumSBD.cpp:150:6:bool IridiumSBD::isAsleep()	16	static
IridiumSBD.cpp:156:5:int IridiumSBD::getWaitingMessageCount()	16	static
IridiumSBD.cpp:162:6:void IridiumSBD::setPowerProfile(IridiumSBD::POWERPROFILE)	16	static
IridiumSBD.cpp:177:6:void IridiumSBD::adjustATTimeout(int)	16	static
IridiumSBD.cpp:183:6:void IridiumSBD::adjustSendReceiveTimeout(int)	16	static
IridiumSBD.cpp:189:6:void IridiumSBD::adjustStartupTimeout(int)	16	static
IridiumSBD.cpp:194:6:void IridiumSBD::useMSSTMWorkaround(bool)	16	static
IridiumSBD.cpp:199:6:void IridiumSBD::enableRingAlerts(bool)	16	static
IridiumSBD.cpp:212:6:bool IridiumSBD::hasRingAsserted()	24	static
IridiumSBD.cpp:249:5:int IridiumSBD::getSystemTime(tm&)	128	static
IridiumSBD.cpp:287:5:int IridiumSBD::getFirmwareVersion(char*, size_t)	32	static
IridiumSBD.cpp:299:6:void IridiumSBD::enableSuperCapCharger(bool)	16	static
IridiumSBD.cpp:320:6:bool IridiumSBD::checkSuperCapCharger()	16	static
IridiumSBD.cpp:340:6:void IridiumSBD::enable9603Npower(bool)	16	static
IridiumSBD.cpp:361:6:void IridiumSBD::enable9603(bool)	16	static
IridiumSBD.cpp:382:6:void IridiumSBD::enable841lowPower(bool)	16	static
IridiumSBD.cpp:403:6:bool IridiumSBD::checkRingIndicator()	16	static
IridiumSBD.cpp:423:6:void IridiumSBD::clearRingIndicator()	16	static
IridiumSBD.cpp:438:6:bool IridiumSBD::checkNetworkAvailable()	16	static
IridiumSBD.cpp:459:5:int IridiumSBD::clearBuffers(int)	24	static
IridiumSBD.cpp:471:5:int IridiumSBD::getIMEI(char*, size_t)	32	static
IridiumSBD.cpp:485:6:bool IridiumSBD::isConnected()	16	static
IridiumSBD.cpp:499:5:int IridiumSBD::passThruI2Cread(uint8_t*, size_t&, size_t&)	32	static
IridiumSBD.cpp:521:5:int IridiumSBD::passThruI2Cwrite(uint8_t*, size_t&)	32	static
IridiumSBD.cpp:544:5:int IridiumSBD::internalBegin()	72	static
IridiumSBD.cpp:632:5:int IridiumSBD::internalSendReceiveSBD(const char*, const uint8_t*, size_t, uint8_t*, size_t*)	96	static
IridiumSBD.cpp:813:5:int IridiumSBD::internalGetSignalQuality(int&)	32	static
IridiumSBD.cpp:833:5:int IridiumSBD::internalMSSTMWorkaround(bool&)	48	static
IridiumSBD.cpp:864:5:int IridiumSBD::internalSleep()	16	static
IridiumSBD.cpp:880:6:bool IridiumSBD::noBlockWait(int)	24	static
IridiumSBD.cpp:892:6:bool IridiumSBD::waitForATResponse(char*, int, const char*, const char*)	48	static
IridiumSBD.cpp:966:6:bool IridiumSBD::cancelled()	16	static
IridiumSBD.cpp:982:5:int IridiumSBD::doSBDIX(uint16_t&, uint16_t&, uint16_t&, uint16_t&, uint16_t&, uint16_t&)	96	static
IridiumSBD.cpp:1001:5:int IridiumSBD::doSBDRB(uint8_t*, size_t*)	56	static
IridiumSBD.cpp:1119:6:void IridiumSBD::power(bool)	24	static
IridiumSBD.cpp:1173:6:void IridiumSBD::configureSleepPin()	16	static
IridiumSBD.cpp:1180:6:void IridiumSBD::setSleepPin(uint8_t)	16	static
IridiumSBD.cpp:1191:6:void IridiumSBD::beginSerialPort()	16	static
IridiumSBD.cpp:1196:6:void IridiumSBD::endSerialPort()	16	static
IridiumSBD.cpp:1201:6:void IridiumSBD::send(FlashString, bool, bool)	24	static
IridiumSBD.cpp:1223:6:void IridiumSBD::send(const char*)	16	static
IridiumSBD.cpp:1243:6:void IridiumSBD::sendlong(const char*)	32	static
IridiumSBD.cpp:1287:6:void IridiumSBD::send(uint16_t)	16	static
IridiumSBD.cpp:1305:6:void IridiumSBD::diagprint(FlashString)	24	static
IridiumSBD.cpp:1319:6:void IridiumSBD::diagprint(const char*)	16	static
IridiumSBD.cpp:1328:6:void IridiumSBD::diagprint(uint16_t)	32	static
IridiumSBD.cpp:1338:6:void IridiumSBD::consoleprint(FlashString)	24	static
IridiumSBD.cpp:1352:6:void IridiumSBD::consoleprint(const char*)	16	static
IridiumSBD.cpp:1361:6:void IridiumSBD::consoleprint(uint16_t)	32	static
IridiumSBD.cpp:1370:6:void IridiumSBD::consoleprint(char)	16	static
IridiumSBD.cpp:1375:6:void IridiumSBD::SBDRINGSeen()	16	static
IridiumSBD.cpp:1385:6:void IridiumSBD::filterSBDRING()	24	static
IridiumSBD.cpp:1432:5:int IridiumSBD::filteredavailable()	16	static
IridiumSBD.cpp:1438:5:int IridiumSBD::filteredread()	24	static
IridiumSBD.cpp:1464:6:void IridiumSBD::check9603data()	24	static
IridiumSBD.cpp:1510:6:void IridiumSBD::check9603pins()	16	static
IridiumSBD.cpp:1523:6:void IridiumSBD::set9603pins(uint8_t)	16	static
IridiumSBD.cpp:1533:5:int IridiumSBD::internalPassThruI2Cread(uint8_t*, size_t&, size_t&)	40	static
IridiumSBD.cpp:1605:5:int IridiumSBD::internalPassThruI2Cwrite(uint8_t*, size_t&)	40	static
IridiumSBD.cpp:1646:5:int IridiumSBD::i2cSerAvailable()	16	static
IridiumSBD.cpp:1651:5:int IridiumSBD::i2cSerRead()	24	static
IridiumSBD.cpp:1663:6:void IridiumSBD::i2cSerPoke(char)	24	static
IridiumSBD.cpp:1677:5:int IridiumSBD::internalClearBuffers(int)	24	static
IridiumSBD.cpp:1702:5:int IridiumSBD::internalGetIMEI(char*, size_t)	32	static
IridiumSBD.cpp:1739:9:uint8_t IridiumSBD::MRT_Iridium_setup(uint8_t, uint8_t, void (*)(char*))	88	static
IridiumSBD.cpp:1831:9:boolean IridiumSBD::MRT_Iridium_shutdown()	48	static
IridiumSBD.cpp:1863:6:void IridiumSBD::MRT_Iridium_ErrorMessage(uint8_t)	16	static
IridiumSBD.cpp:1908:6:void st_pinMode(GPIO_TypeDef*, uint8_t, int)	48	static
IridiumSBD.cpp:1932:9:boolean IridiumSBD::MRT_Iridium_getIMEI()	80	static
IridiumSBD.cpp:1965:5:int IridiumSBD::MRT_Iridium_CSQ()	128	static
IridiumSBD.cpp:1995:9:boolean IridiumSBD::MRT_Iridium_NetworkAvailability()	16	static
IridiumSBD.cpp:2014:9:boolean IridiumSBD::MRT_Iridium_getTime()	152	static
IridiumSBD.cpp:2050:9:boolean IridiumSBD::MRT_Iridium_sendMessage(char*)	72	static
IridiumSBD.cpp:2103:9:boolean IridiumSBD::MRT_Iridium_sendReceive()	328	static
