IridiumSBD.h:191:1:IridiumSBD::IridiumSBD(TwoWire&, uint8_t)	24	static
MRT_iridium.cpp:15:6:void MRT_Iridium_Constructor()	16	static
MRT_iridium.cpp:21:6:void MRT_Iridium_Destructor()	4	static
MRT_iridium.cpp:28:17:HIRIDIUM MRT_Iridium_Init(uint8_t, uint8_t, void (*)(char*))	24	static
MRT_iridium.cpp:40:6:bool MRT_Iridium_Deinit()	16	static
MRT_iridium.cpp:46:6:void MRT_Iridium_ErrorMessage(uint8_t)	16	static
MRT_iridium.cpp:50:6:bool MRT_Iridium_getIMEI()	8	static
MRT_iridium.cpp:55:5:int MRT_Iridium_CSQ()	8	static
MRT_iridium.cpp:59:6:bool MRT_Iridium_NetworkAvailability()	8	static
MRT_iridium.cpp:64:6:bool MRT_Iridium_getTime()	8	static
MRT_iridium.cpp:68:6:bool MRT_Iridium_sendMessage(char*)	16	static
MRT_iridium.cpp:72:6:bool MRT_Iridium_sendReceive()	8	static
