core_cm4.h:1939:34:__NVIC_SystemReset	4	static,ignoring_inline_asm
MRT_Helpers.c:57:6:MRT_externalFlashSetup	24	static
MRT_Helpers.c:73:6:checkForI2CDevices	88	static
MRT_Helpers.c:107:6:HAL_GPIO_EXTI_Callback	16	static
MRT_Helpers.c:117:6:MRT_resetFromStart	8	static
MRT_Helpers.c:134:6:MRT_updateExternalFlashBuffers	16	static
MRT_Helpers.c:144:6:MRT_updateFlagsValues	16	static
MRT_Helpers.c:154:6:MRT_getFlags	8	static
MRT_Helpers.c:243:6:MRT_resetInfo	176	static
MRT_Helpers.c:331:6:MRT_saveRTCTime	8	static
MRT_Helpers.c:346:9:MRT_getContinuity	16	static
MRT_Helpers.c:359:7:MRT_prop_poll_pressure_transducer	24	static
MRT_Helpers.c:376:7:MRT_getAltitude	16	static
MRT_Helpers.c:385:6:tone_freq	32	static
MRT_Helpers.c:402:6:buzz_success	8	static
MRT_Helpers.c:403:6:buzz_failure	8	static
MRT_Helpers.c:405:6:buzz_startup_success	16	static
