core_cm4.h:1939:34:__NVIC_SystemReset	4	static,ignoring_inline_asm
MRT_Helpers.c:56:6:MRT_externalFlashSetup	24	static
MRT_Helpers.c:72:6:checkForI2CDevices	88	static
MRT_Helpers.c:121:6:HAL_GPIO_EXTI_Callback	16	static
MRT_Helpers.c:131:6:MRT_resetFromStart	8	static
MRT_Helpers.c:151:6:MRT_updateExternalFlashBuffers	16	static
MRT_Helpers.c:161:6:MRT_getFlags	8	static
MRT_Helpers.c:242:6:MRT_resetInfo	176	static
MRT_Helpers.c:312:6:MRT_saveRTCTime	8	static
MRT_Helpers.c:327:9:MRT_getContinuity	16	static
MRT_Helpers.c:340:7:MRT_prop_poll_pressure_transducer	24	static
MRT_Helpers.c:360:7:MRT_getAltitude	16	static
